Archive member included because of file (symbol)

lib/lib.a(number.o)           kscm/kscm.o (atoi)
lib/lib.a(malloc.o)           kscm/kscm.o (kscm_init_heap)
lib/lib.a(strtol.o)           lib/lib.a(number.o) (strtol)
lib/lib.a(string.o)           kscm/kscm.o (memset)
lib/lib.a(print.o)            kscm/kscm.o (sprintf)
lib/lib.a(errno.o)            lib/lib.a(strtol.o) (errno)

Allocating common symbols
Common symbol       size              file

errno               0x4               lib/lib.a(errno.o)
kscm_kernel         0x4               kscm/kscm.o
scheme_current_environment
                    0x4               kscm/kscm.o
scheme_current_input_port
                    0x4               kscm/kscm.o
_HTable_            0x101c            kscm/kscm.o
kscm_current_proc   0x4               kscm/kscm.o
scheme_void         0x10              kscm/kscm.o
scheme_null         0x10              kscm/kscm.o
scheme_eof          0x10              kscm/kscm.o
scheme_global_environment
                    0x10              kscm/kscm.o
scheme_false        0x10              kscm/kscm.o
scheme_current_output_port
                    0x4               kscm/kscm.o
scheme_true         0x10              kscm/kscm.o

Discarded input sections

 .note.GNU-stack
                0x0000000000000000        0x0 kscm/kscm.o
 .note.GNU-stack
                0x0000000000000000        0x0 lib/lib.a(number.o)
 .note.GNU-stack
                0x0000000000000000        0x0 lib/lib.a(malloc.o)
 .note.GNU-stack
                0x0000000000000000        0x0 lib/lib.a(strtol.o)
 .note.GNU-stack
                0x0000000000000000        0x0 lib/lib.a(string.o)
 .note.GNU-stack
                0x0000000000000000        0x0 lib/lib.a(print.o)
 .note.GNU-stack
                0x0000000000000000        0x0 lib/lib.a(errno.o)
 .note.GNU-stack
                0x0000000000000000        0x0 mm/mm.o

Memory Configuration

Name             Origin             Length             Attributes
*default*        0x0000000000000000 0xffffffffffffffff

Linker script and memory map

Address of section .text set to 0x0
LOAD boot/head.o
LOAD kscm/kscm.o
LOAD lib/lib.a
LOAD mm/mm.o
                0x0000000008048000                PROVIDE (__executable_start, 0x8048000)
                0x0000000008048000                . = (0x8048000 + SIZEOF_HEADERS)

.interp
 *(.interp)

.note.gnu.build-id
 *(.note.gnu.build-id)

.hash
 *(.hash)

.gnu.hash
 *(.gnu.hash)

.dynsym
 *(.dynsym)

.dynstr
 *(.dynstr)

.gnu.version
 *(.gnu.version)

.gnu.version_d
 *(.gnu.version_d)

.gnu.version_r
 *(.gnu.version_r)

.rel.dyn
 *(.rel.init)
 *(.rel.text .rel.text.* .rel.gnu.linkonce.t.*)
 *(.rel.fini)
 *(.rel.rodata .rel.rodata.* .rel.gnu.linkonce.r.*)
 *(.rel.data.rel.ro* .rel.gnu.linkonce.d.rel.ro.*)
 *(.rel.data .rel.data.* .rel.gnu.linkonce.d.*)
 *(.rel.tdata .rel.tdata.* .rel.gnu.linkonce.td.*)
 *(.rel.tbss .rel.tbss.* .rel.gnu.linkonce.tb.*)
 *(.rel.ctors)
 *(.rel.dtors)
 *(.rel.got)
 *(.rel.bss .rel.bss.* .rel.gnu.linkonce.b.*)
 *(.rel.ifunc)

.rel.plt        0x0000000008048000        0x0
 *(.rel.plt)
                0x0000000008048000                PROVIDE (__rel_iplt_start, .)
 *(.rel.iplt)
                0x0000000008048000                PROVIDE (__rel_iplt_end, .)

.init
 *(.init)

.plt
 *(.plt)
 *(.iplt)

.text           0x0000000000000000     0x7911
 *(.text.unlikely .text.*_unlikely)
 *(.text .stub .text.* .gnu.linkonce.t.*)
 .text          0x0000000000000000     0x30f2 boot/head.o
                0x0000000000000000                _start
                0x0000000000000000                G_page_dir
                0x0000000000000040                print_reg32
                0x00000000000020fa                G_idt
                0x00000000000028fa                G_gdt
 *fill*         0x00000000000030f2        0xe 90909090
 .text          0x0000000000003100     0x3ce1 kscm/kscm.o
                0x0000000000003100                console_init
                0x00000000000031c6                scroll_down
                0x0000000000003249                console_print
                0x000000000000336c                main
                0x00000000000034f8                kscm_init_proc
                0x0000000000003560                scheme_init_bool
                0x00000000000037d6                scheme_alloc_string
                0x0000000000003815                scheme_make_string
                0x0000000000003a69                scheme_init_string
                0x0000000000003f09                scheme_make_pair
                0x00000000000040a0                scheme_list_to_string
                0x000000000000412f                scheme_init_list
                0x0000000000004300                scheme_init_vector
                0x0000000000004305                scheme_vector_to_string
                0x000000000000437a                scheme_make_vector
                0x0000000000004caf                scheme_read
                0x0000000000004ce8                scheme_init_read
                0x0000000000004e40                scheme_port_peek_char
                0x0000000000004e5f                scheme_port_get_string
                0x0000000000004eed                scheme_port_get_char
                0x000000000000500d                scheme_make_char_input_stream
                0x000000000000503a                scheme_init_port
                0x0000000000005230                _gcd
                0x00000000000055a5                scheme_make_rational
                0x00000000000055fd                scheme_make_double_numb
                0x000000000000563c                scheme_make_integer_numb
                0x0000000000005662                scheme_init_number
                0x0000000000005810                eval_stack_empty_p
                0x0000000000005826                eval_stack_full_p
                0x000000000000583b                eval_stack_pop_env
                0x000000000000585e                eval_stack_push_env
                0x000000000000588a                gc_alloc_nobj
                0x000000000000588f                gc_collect_garbage
                0x0000000000005965                gc_alloc_obj
                0x0000000000005993                scheme_init_gc
                0x0000000000005a30                scheme_make_symbol
                0x0000000000005b73                scheme_init_symbol
                0x0000000000005c40                scheme_obj_to_string
                0x0000000000005e60                scheme_lookup_var
                0x0000000000005eb6                scheme_set_var
                0x0000000000005f1a                scheme_define_var
                0x0000000000005fca                scheme_register_primitive
                0x0000000000006010                scheme_register_prims
                0x0000000000006069                scheme_extend_env
                0x0000000000006178                scheme_init_env
                0x0000000000006270                scheme_init_proc
                0x000000000000627e                scheme_make_procedure
                0x00000000000062a9                scheme_apply_prim_proc
                0x000000000000632f                scheme_make_prim_proc
                0x000000000000635a                scheme_apply
                0x000000000000695f                scheme_eval
                0x00000000000069d6                scheme_eval_sequence
                0x0000000000006d78                scheme_driven_loop
                0x0000000000006d7d                scheme_init
                0x0000000000006ddc                scheme_init_arch
 *fill*         0x0000000000006de1        0xf 90909090
 .text          0x0000000000006df0      0x1bf lib/lib.a(number.o)
                0x0000000000006df0                _itoa
                0x0000000000006df8                _itoaU
                0x0000000000006f69                atol
                0x0000000000006f8c                atoi
 *fill*         0x0000000000006faf        0x1 90909090
 .text          0x0000000000006fb0      0x149 lib/lib.a(malloc.o)
                0x0000000000006fb0                kscm_init_heap
                0x0000000000006fdb                kfree
                0x000000000000703f                alloc_memory
                0x0000000000007044                kmalloc
 *fill*         0x00000000000070f9        0x7 90909090
 .text          0x0000000000007100      0x198 lib/lib.a(strtol.o)
                0x0000000000007100                strtol
 .text          0x0000000000007298       0x34 lib/lib.a(string.o)
                0x0000000000007298                memset
 *fill*         0x00000000000072cc        0x4 90909090
 .text          0x00000000000072d0      0x19b lib/lib.a(print.o)
                0x00000000000072d0                vsprintf
                0x0000000000007413                sprintf
                0x0000000000007434                printf
 *fill*         0x000000000000746b        0x1 90909090
 .text          0x000000000000746c        0x0 lib/lib.a(errno.o)
 .text          0x000000000000746c      0x4a5 mm/mm.o
                0x000000000000746c                kscm_init_paging
                0x00000000000075f5                get_free_frame
                0x0000000000007662                free_frame
                0x0000000000007689                put_page
                0x00000000000077c4                expand_region
 *(.gnu.warning)

.fini
 *(.fini)
                0x0000000000007911                PROVIDE (__etext, .)
                0x0000000000007911                PROVIDE (_etext, .)
                0x0000000000007911                PROVIDE (etext, .)

.rodata         0x0000000000007920      0x871
 *(.rodata .rodata.* .gnu.linkonce.r.*)
 .rodata        0x0000000000007920      0x340 kscm/kscm.o
 .rodata.str1.1
                0x0000000000007c60      0x4b3 kscm/kscm.o
 *fill*         0x0000000000008113        0x1 00
 .rodata.str1.4
                0x0000000000008114       0x7d kscm/kscm.o

.rodata1
 *(.rodata1)

.eh_frame_hdr
 *(.eh_frame_hdr)

.eh_frame
 *(.eh_frame)

.gcc_except_table
 *(.gcc_except_table .gcc_except_table.*)
                0x0000000000008191                . = (ALIGN (0x1000) - ((0x1000 - .) & 0xfff))
                0x0000000000009191                . = (0x1000 DATA_SEGMENT_ALIGN 0x1000)

.eh_frame
 *(.eh_frame)

.gcc_except_table
 *(.gcc_except_table .gcc_except_table.*)

.tdata
 *(.tdata .tdata.* .gnu.linkonce.td.*)

.tbss
 *(.tbss .tbss.* .gnu.linkonce.tb.*)
 *(.tcommon)

.preinit_array  0x0000000000009191        0x0
                0x0000000000009191                PROVIDE (__preinit_array_start, .)
 *(.preinit_array)
                0x0000000000009191                PROVIDE (__preinit_array_end, .)

.init_array     0x0000000000009191        0x0
                0x0000000000009191                PROVIDE (__init_array_start, .)
 *(SORT(.init_array.*))
 *(.init_array)
                0x0000000000009191                PROVIDE (__init_array_end, .)

.fini_array     0x0000000000009191        0x0
                0x0000000000009191                PROVIDE (__fini_array_start, .)
 *(.fini_array)
 *(SORT(.fini_array.*))
                0x0000000000009191                PROVIDE (__fini_array_end, .)

.ctors
 *crtbegin.o(.ctors)
 *crtbegin?.o(.ctors)
 *(EXCLUDE_FILE(*crtend?.o *crtend.o) .ctors)
 *(SORT(.ctors.*))
 *(.ctors)

.dtors
 *crtbegin.o(.dtors)
 *crtbegin?.o(.dtors)
 *(EXCLUDE_FILE(*crtend?.o *crtend.o) .dtors)
 *(SORT(.dtors.*))
 *(.dtors)

.jcr
 *(.jcr)

.data.rel.ro
 *(.data.rel.ro.local* .gnu.linkonce.d.rel.ro.local.*)
 *(.data.rel.ro* .gnu.linkonce.d.rel.ro.*)

.dynamic
 *(.dynamic)

.got
 *(.got)
 *(.igot)
                0x0000000000009191                . = (. DATA_SEGMENT_RELRO_END 0xc)

.got.plt
 *(.got.plt)
 *(.igot.plt)

.data           0x00000000000091a0      0x4bc
 *(.data .data.* .gnu.linkonce.d.*)
 .data          0x00000000000091a0        0x0 boot/head.o
 .data          0x00000000000091a0      0x470 kscm/kscm.o
                0x00000000000091a0                string_funcs
                0x0000000000009320                list_funcs
                0x00000000000093e0                read_funcs
                0x0000000000009440                numb_funcs
                0x0000000000009500                symbol_funcs
                0x0000000000009540                proc_funcs
                0x0000000000009560                eval_funcs
                0x0000000000009580                _analyze_funcs_
 .data          0x0000000000009610        0x0 lib/lib.a(number.o)
 .data          0x0000000000009610        0x0 lib/lib.a(malloc.o)
 .data          0x0000000000009610        0x0 lib/lib.a(strtol.o)
 .data          0x0000000000009610        0x0 lib/lib.a(string.o)
 .data          0x0000000000009610        0x0 lib/lib.a(print.o)
 .data          0x0000000000009610        0x0 lib/lib.a(errno.o)
 *fill*         0x0000000000009610       0x10 00
 .data          0x0000000000009620       0x3c mm/mm.o
                0x0000000000009620                kscm_kernel_mm

.data1
 *(.data1)
                0x000000000000965c                _edata = .
                0x000000000000965c                PROVIDE (edata, .)
                0x000000000000965c                __bss_start = .

.bss            0x0000000000009660   0x123868
 *(.dynbss)
 *(.bss .bss.* .gnu.linkonce.b.*)
 .bss           0x0000000000009660        0x0 boot/head.o
 .bss           0x0000000000009660   0x112488 kscm/kscm.o
 .bss           0x000000000011bae8        0x0 lib/lib.a(number.o)
 .bss           0x000000000011bae8        0x8 lib/lib.a(malloc.o)
 .bss           0x000000000011baf0        0x0 lib/lib.a(strtol.o)
 .bss           0x000000000011baf0        0x0 lib/lib.a(string.o)
 *fill*         0x000000000011baf0       0x10 00
 .bss           0x000000000011bb00      0x400 lib/lib.a(print.o)
 .bss           0x000000000011bf00        0x0 lib/lib.a(errno.o)
 .bss           0x000000000011bf00     0xff20 mm/mm.o
 *(COMMON)
 COMMON         0x000000000012be20     0x10a4 kscm/kscm.o
                0x000000000012be20                kscm_kernel
                0x000000000012be24                scheme_current_environment
                0x000000000012be28                scheme_current_input_port
                0x000000000012be40                _HTable_
                0x000000000012ce5c                kscm_current_proc
                0x000000000012ce60                scheme_void
                0x000000000012ce70                scheme_null
                0x000000000012ce80                scheme_eof
                0x000000000012ce90                scheme_global_environment
                0x000000000012cea0                scheme_false
                0x000000000012ceb0                scheme_current_output_port
                0x000000000012ceb4                scheme_true
 COMMON         0x000000000012cec4        0x4 lib/lib.a(errno.o)
                0x000000000012cec4                errno
                0x000000000012cec8                . = ALIGN ((. != 0x0)?0x4:0x1)
                0x000000000012cec8                . = ALIGN (0x4)
                0x000000000012cec8                . = ALIGN (0x4)
                0x000000000012cec8                _end = .
                0x000000000012cec8                PROVIDE (end, .)
                0x000000000012cec8                . = DATA_SEGMENT_END (.)

.stab
 *(.stab)

.stabstr
 *(.stabstr)

.stab.excl
 *(.stab.excl)

.stab.exclstr
 *(.stab.exclstr)

.stab.index
 *(.stab.index)

.stab.indexstr
 *(.stab.indexstr)

.comment        0x0000000000000000      0x2e7
 *(.comment)
 .comment       0x0000000000000000      0x227 kscm/kscm.o
 .comment       0x0000000000000227       0x1d lib/lib.a(number.o)
 .comment       0x0000000000000244       0x1d lib/lib.a(malloc.o)
 .comment       0x0000000000000261       0x1d lib/lib.a(strtol.o)
 .comment       0x000000000000027e       0x1d lib/lib.a(string.o)
 .comment       0x000000000000029b       0x1d lib/lib.a(print.o)
 .comment       0x00000000000002b8       0x1d lib/lib.a(errno.o)
 .comment       0x00000000000002d5       0x12 mm/mm.o

.debug
 *(.debug)

.line
 *(.line)

.debug_srcinfo
 *(.debug_srcinfo)

.debug_sfnames
 *(.debug_sfnames)

.debug_aranges
 *(.debug_aranges)

.debug_pubnames
 *(.debug_pubnames)

.debug_info
 *(.debug_info .gnu.linkonce.wi.*)

.debug_abbrev
 *(.debug_abbrev)

.debug_line
 *(.debug_line)

.debug_frame
 *(.debug_frame)

.debug_str
 *(.debug_str)

.debug_loc
 *(.debug_loc)

.debug_macinfo
 *(.debug_macinfo)

.debug_weaknames
 *(.debug_weaknames)

.debug_funcnames
 *(.debug_funcnames)

.debug_typenames
 *(.debug_typenames)

.debug_varnames
 *(.debug_varnames)

.debug_pubtypes
 *(.debug_pubtypes)

.debug_ranges
 *(.debug_ranges)

.gnu.attributes
 *(.gnu.attributes)

/DISCARD/
 *(.note.GNU-stack)
 *(.gnu_debuglink)
 *(.gnu.lto_*)
OUTPUT(system binary)
